// Jest Snapshot v1, https://goo.gl/fbAQLP

exports[`auth2faType "on" should render form with hardware key as first option in dropdown 1`] = `
.c1 {
  box-sizing: border-box;
  margin-bottom: 24px;
}

.c5 {
  box-sizing: border-box;
  width: 50%;
}

.c6 {
  box-sizing: border-box;
  margin-bottom: 0px;
  margin-right: 16px;
}

.c9 {
  line-height: 1.5;
  margin: 0;
  display: inline-flex;
  justify-content: center;
  align-items: center;
  box-sizing: border-box;
  border: none;
  border-radius: 4px;
  cursor: pointer;
  font-family: inherit;
  font-weight: 600;
  outline: none;
  position: relative;
  text-align: center;
  text-decoration: none;
  text-transform: uppercase;
  transition: all 0.3s;
  -webkit-font-smoothing: antialiased;
  color: #000000;
  background: #9F85FF;
  min-height: 40px;
  font-size: 12px;
  padding: 0px 40px;
  margin-top: 32px;
  width: 100%;
}

.c9:hover,
.c9:focus {
  background: #B29DFF;
}

.c9:active {
  background: #C5B6FF;
}

.c9:disabled {
  background: rgba(255,255,255,0.12);
  color: rgba(255,255,255,0.3);
  cursor: auto;
}

.c0 {
  box-sizing: border-box;
  padding: 40px;
  width: 456px;
  box-shadow: 0px 3px 5px -1px rgba(0,0,0,0.2),0px 6px 10px rgba(0,0,0,0.14),0px 1px 18px rgba(0,0,0,0.12);
  border-radius: 8px;
  background-color: #222C59;
}

.c3 {
  appearance: none;
  border: 1px solid rgba(255,255,255,0.54);
  border-radius: 4px;
  box-sizing: border-box;
  display: block;
  height: 40px;
  font-size: 16px;
  padding: 0 16px;
  outline: none;
  width: 100%;
  background: #222C59;
  color: #FFFFFF;
  margin-top: 4px;
}

.c3:hover,
.c3:focus,
.c3:active {
  border: 1px solid rgba(255,255,255,0.72);
}

.c3::-ms-clear {
  display: none;
}

.c3::placeholder {
  color: rgba(255,255,255,0.54);
  opacity: 1;
}

.c3:read-only {
  cursor: not-allowed;
}

.c3:disabled {
  color: rgba(255,255,255,0.36);
  border-color: rgba(255,255,255,0.36);
}

.c2 {
  color: #FFFFFF;
  display: block;
  font-size: 11px;
  font-weight: 500;
  text-transform: uppercase;
  width: 100%;
  margin-bottom: 0px;
}

.c7 {
  color: #FFFFFF;
  display: block;
  font-size: 11px;
  font-weight: 500;
  text-transform: uppercase;
  width: 100%;
  margin-bottom: 4px;
}

.c4 {
  box-sizing: border-box;
  margin-bottom: 24px;
  display: flex;
  align-items: flex-end;
}

.c8 .react-select-container {
  box-sizing: border-box;
  display: block;
  font-size: 14px;
  outline: none;
  width: 100%;
  color: #FFFFFF;
  background-color: transparent;
  margin-bottom: 0px;
  border-radius: 4px;
}

.c8 .react-select__control {
  outline: none;
  min-height: 40px;
  height: fit-content;
  border: 1px solid rgba(255,255,255,0.54);
  border-radius: 4px;
  background-color: transparent;
  box-shadow: none;
}

.c8 .react-select__control .react-select__dropdown-indicator {
  color: rgba(255,255,255,0.54);
}

.c8 .react-select__control:hover,
.c8 .react-select__control:focus,
.c8 .react-select__control:active {
  border: 1px solid rgba(255,255,255,0.72);
  background-color: rgba(255,255,255,0.07);
  cursor: pointer;
}

.c8 .react-select__control:hover .react-select__dropdown-indicator,
.c8 .react-select__control:focus .react-select__dropdown-indicator,
.c8 .react-select__control:active .react-select__dropdown-indicator {
  color: #FFFFFF;
}

.c8 .react-select__control .react-select__indicator:hover,
.c8 .react-select__control .react-select__dropdown-indicator:hover,
.c8 .react-select__control .react-select__indicator:focus,
.c8 .react-select__control .react-select__dropdown-indicator:focus,
.c8 .react-select__control .react-select__indicator:active,
.c8 .react-select__control .react-select__dropdown-indicator:active {
  color: #FFFFFF;
}

.c8 .react-select__control--is-focused {
  border-color: rgba(255,255,255,0.72);
  background-color: rgba(255,255,255,0.07);
  cursor: pointer;
}

.c8 .react-select__control--is-focused .react-select__dropdown-indicator {
  color: #FFFFFF;
}

.c8 .react-select__single-value {
  color: #FFFFFF;
}

.c8 .react-select__placeholder {
  color: rgba(255,255,255,0.54);
}

.c8 .react-select__multi-value {
  background-color: rgba(255,255,255,0.13);
}

.c8 .react-select__multi-value .react-select__multi-value__label {
  color: #FFFFFF;
  padding: 0 6px;
}

.c8 .react-select__multi-value .react-select__multi-value__remove {
  color: #FFFFFF;
}

.c8 .react-select__multi-value .react-select__multi-value__remove:hover {
  background-color: rgba(255,255,255,0.07);
  color: #FF6257;
}

.c8 .react-select__option:hover {
  cursor: pointer;
  background-color: rgba(255,255,255,0.07);
}

.c8 .react-select__option--is-focused {
  background-color: rgba(255,255,255,0.07);
}

.c8 .react-select__option--is-focused:hover {
  cursor: pointer;
  background-color: rgba(255,255,255,0.07);
}

.c8 .react-select__option--is-selected {
  background-color: rgba(255,255,255,0.13);
  color: inherit;
  font-weight: 500;
}

.c8 .react-select__option--is-selected:hover {
  background-color: rgba(255,255,255,0.13);
}

.c8 .react-select__clear-indicator {
  color: rgba(255,255,255,0.72);
}

.c8 .react-select__clear-indicator:hover,
.c8 .react-select__clear-indicator:focus {
  background-color: rgba(255,255,255,0.07);
}

.c8 .react-select__clear-indicator:hover svg,
.c8 .react-select__clear-indicator:focus svg {
  color: #FF6257;
}

.c8 .react-select__menu {
  margin-top: 0px;
  background-color: #344179;
  box-shadow: 0px 5px 5px -3px rgba(0,0,0,0.2),0px 8px 10px 1px rgba(0,0,0,0.14),0px 3px 14px 2px rgba(0,0,0,0.12);
}

.c8 .react-select__menu .react-select__menu-list::-webkit-scrollbar-thumb {
  background: rgba(255,255,255,0.13);
  border-radius: 4px;
}

.c8 .react-select__indicator-separator {
  display: none;
}

.c8 .react-select__loading-indicator {
  display: none;
}

.c8 .react-select--is-disabled,
.c8 .react-select__control--is-disabled {
  color: rgba(255,255,255,0.36);
  border: 1px solid rgba(255,255,255,0.36);
}

.c8 .react-select--is-disabled .react-select__single-value,
.c8 .react-select__control--is-disabled .react-select__single-value,
.c8 .react-select--is-disabled .react-select__placeholder,
.c8 .react-select__control--is-disabled .react-select__placeholder {
  color: rgba(255,255,255,0.36);
}

.c8 .react-select--is-disabled .react-select__indicator,
.c8 .react-select__control--is-disabled .react-select__indicator {
  color: rgba(255,255,255,0.36);
}

<div>
  <form
    class="c0"
    width="456px"
  >
    <div
      class="c1"
    >
      <label
        class="c2"
        font-size="0"
      >
        Current Password
        <input
          autocomplete="off"
          class="c3"
          inputmode="text"
          placeholder="Password"
          type="password"
          value=""
        />
      </label>
    </div>
    <div
      class="c4"
    >
      <div
        class="c5"
        data-testid="mfa-select"
        width="50%"
      >
        <div
          class="c6"
        >
          <label
            class="c7"
            font-size="0"
            for="select"
          >
            Two-factor type
          </label>
          <div
            class="c8"
          >
            <div
              class="react-select-container css-2b097c-container"
            >
              <div
                class="react-select__control css-yk16xz-control"
              >
                <div
                  class="react-select__value-container react-select__value-container--has-value css-g1d714-ValueContainer"
                >
                  <div
                    class="react-select__single-value css-1uccc91-singleValue"
                  >
                    Hardware Key
                  </div>
                  <input
                    aria-autocomplete="list"
                    class="css-62g3xt-dummyInput"
                    id="select"
                    readonly=""
                    tabindex="0"
                    value=""
                  />
                </div>
                <div
                  class="react-select__indicators css-1hb7zxy-IndicatorsContainer"
                >
                  <span
                    class="react-select__indicator-separator css-1okebmr-indicatorSeparator"
                  />
                  <div
                    aria-hidden="true"
                    class="react-select__indicator react-select__dropdown-indicator css-tlfecz-indicatorContainer"
                  >
                    <svg
                      aria-hidden="true"
                      class="css-6q0nyr-Svg"
                      focusable="false"
                      height="20"
                      viewBox="0 0 20 20"
                      width="20"
                    >
                      <path
                        d="M4.516 7.548c0.436-0.446 1.043-0.481 1.576 0l3.908 3.747 3.908-3.747c0.533-0.481 1.141-0.446 1.574 0 0.436 0.445 0.408 1.197 0 1.615-0.406 0.418-4.695 4.502-4.695 4.502-0.217 0.223-0.502 0.335-0.787 0.335s-0.57-0.112-0.789-0.335c0 0-4.287-4.084-4.695-4.502s-0.436-1.17 0-1.615z"
                      />
                    </svg>
                  </div>
                </div>
              </div>
            </div>
          </div>
        </div>
      </div>
      <div
        class="c5"
        width="50%"
      />
    </div>
    <div
      class="c1"
    >
      <label
        class="c2"
        font-size="0"
      >
        New Password
        <input
          autocomplete="off"
          class="c3"
          inputmode="text"
          placeholder="New Password"
          type="password"
          value=""
        />
      </label>
    </div>
    <div
      class="c1"
    >
      <label
        class="c2"
        font-size="0"
      >
        Confirm Password
        <input
          autocomplete="off"
          class="c3"
          inputmode="text"
          placeholder="Confirm Password"
          type="password"
          value=""
        />
      </label>
    </div>
    <button
      class="c9"
      kind="primary"
    >
      Update Password
    </button>
  </form>
</div>
`;

exports[`auth2faType "optional" should render form with hardware key as first option in dropdown 1`] = `
.c1 {
  box-sizing: border-box;
  margin-bottom: 24px;
}

.c5 {
  box-sizing: border-box;
  width: 50%;
}

.c6 {
  box-sizing: border-box;
  margin-bottom: 0px;
  margin-right: 16px;
}

.c9 {
  line-height: 1.5;
  margin: 0;
  display: inline-flex;
  justify-content: center;
  align-items: center;
  box-sizing: border-box;
  border: none;
  border-radius: 4px;
  cursor: pointer;
  font-family: inherit;
  font-weight: 600;
  outline: none;
  position: relative;
  text-align: center;
  text-decoration: none;
  text-transform: uppercase;
  transition: all 0.3s;
  -webkit-font-smoothing: antialiased;
  color: #000000;
  background: #9F85FF;
  min-height: 40px;
  font-size: 12px;
  padding: 0px 40px;
  margin-top: 32px;
  width: 100%;
}

.c9:hover,
.c9:focus {
  background: #B29DFF;
}

.c9:active {
  background: #C5B6FF;
}

.c9:disabled {
  background: rgba(255,255,255,0.12);
  color: rgba(255,255,255,0.3);
  cursor: auto;
}

.c0 {
  box-sizing: border-box;
  padding: 40px;
  width: 456px;
  box-shadow: 0px 3px 5px -1px rgba(0,0,0,0.2),0px 6px 10px rgba(0,0,0,0.14),0px 1px 18px rgba(0,0,0,0.12);
  border-radius: 8px;
  background-color: #222C59;
}

.c3 {
  appearance: none;
  border: 1px solid rgba(255,255,255,0.54);
  border-radius: 4px;
  box-sizing: border-box;
  display: block;
  height: 40px;
  font-size: 16px;
  padding: 0 16px;
  outline: none;
  width: 100%;
  background: #222C59;
  color: #FFFFFF;
  margin-top: 4px;
}

.c3:hover,
.c3:focus,
.c3:active {
  border: 1px solid rgba(255,255,255,0.72);
}

.c3::-ms-clear {
  display: none;
}

.c3::placeholder {
  color: rgba(255,255,255,0.54);
  opacity: 1;
}

.c3:read-only {
  cursor: not-allowed;
}

.c3:disabled {
  color: rgba(255,255,255,0.36);
  border-color: rgba(255,255,255,0.36);
}

.c2 {
  color: #FFFFFF;
  display: block;
  font-size: 11px;
  font-weight: 500;
  text-transform: uppercase;
  width: 100%;
  margin-bottom: 0px;
}

.c7 {
  color: #FFFFFF;
  display: block;
  font-size: 11px;
  font-weight: 500;
  text-transform: uppercase;
  width: 100%;
  margin-bottom: 4px;
}

.c4 {
  box-sizing: border-box;
  margin-bottom: 24px;
  display: flex;
  align-items: flex-end;
}

.c8 .react-select-container {
  box-sizing: border-box;
  display: block;
  font-size: 14px;
  outline: none;
  width: 100%;
  color: #FFFFFF;
  background-color: transparent;
  margin-bottom: 0px;
  border-radius: 4px;
}

.c8 .react-select__control {
  outline: none;
  min-height: 40px;
  height: fit-content;
  border: 1px solid rgba(255,255,255,0.54);
  border-radius: 4px;
  background-color: transparent;
  box-shadow: none;
}

.c8 .react-select__control .react-select__dropdown-indicator {
  color: rgba(255,255,255,0.54);
}

.c8 .react-select__control:hover,
.c8 .react-select__control:focus,
.c8 .react-select__control:active {
  border: 1px solid rgba(255,255,255,0.72);
  background-color: rgba(255,255,255,0.07);
  cursor: pointer;
}

.c8 .react-select__control:hover .react-select__dropdown-indicator,
.c8 .react-select__control:focus .react-select__dropdown-indicator,
.c8 .react-select__control:active .react-select__dropdown-indicator {
  color: #FFFFFF;
}

.c8 .react-select__control .react-select__indicator:hover,
.c8 .react-select__control .react-select__dropdown-indicator:hover,
.c8 .react-select__control .react-select__indicator:focus,
.c8 .react-select__control .react-select__dropdown-indicator:focus,
.c8 .react-select__control .react-select__indicator:active,
.c8 .react-select__control .react-select__dropdown-indicator:active {
  color: #FFFFFF;
}

.c8 .react-select__control--is-focused {
  border-color: rgba(255,255,255,0.72);
  background-color: rgba(255,255,255,0.07);
  cursor: pointer;
}

.c8 .react-select__control--is-focused .react-select__dropdown-indicator {
  color: #FFFFFF;
}

.c8 .react-select__single-value {
  color: #FFFFFF;
}

.c8 .react-select__placeholder {
  color: rgba(255,255,255,0.54);
}

.c8 .react-select__multi-value {
  background-color: rgba(255,255,255,0.13);
}

.c8 .react-select__multi-value .react-select__multi-value__label {
  color: #FFFFFF;
  padding: 0 6px;
}

.c8 .react-select__multi-value .react-select__multi-value__remove {
  color: #FFFFFF;
}

.c8 .react-select__multi-value .react-select__multi-value__remove:hover {
  background-color: rgba(255,255,255,0.07);
  color: #FF6257;
}

.c8 .react-select__option:hover {
  cursor: pointer;
  background-color: rgba(255,255,255,0.07);
}

.c8 .react-select__option--is-focused {
  background-color: rgba(255,255,255,0.07);
}

.c8 .react-select__option--is-focused:hover {
  cursor: pointer;
  background-color: rgba(255,255,255,0.07);
}

.c8 .react-select__option--is-selected {
  background-color: rgba(255,255,255,0.13);
  color: inherit;
  font-weight: 500;
}

.c8 .react-select__option--is-selected:hover {
  background-color: rgba(255,255,255,0.13);
}

.c8 .react-select__clear-indicator {
  color: rgba(255,255,255,0.72);
}

.c8 .react-select__clear-indicator:hover,
.c8 .react-select__clear-indicator:focus {
  background-color: rgba(255,255,255,0.07);
}

.c8 .react-select__clear-indicator:hover svg,
.c8 .react-select__clear-indicator:focus svg {
  color: #FF6257;
}

.c8 .react-select__menu {
  margin-top: 0px;
  background-color: #344179;
  box-shadow: 0px 5px 5px -3px rgba(0,0,0,0.2),0px 8px 10px 1px rgba(0,0,0,0.14),0px 3px 14px 2px rgba(0,0,0,0.12);
}

.c8 .react-select__menu .react-select__menu-list::-webkit-scrollbar-thumb {
  background: rgba(255,255,255,0.13);
  border-radius: 4px;
}

.c8 .react-select__indicator-separator {
  display: none;
}

.c8 .react-select__loading-indicator {
  display: none;
}

.c8 .react-select--is-disabled,
.c8 .react-select__control--is-disabled {
  color: rgba(255,255,255,0.36);
  border: 1px solid rgba(255,255,255,0.36);
}

.c8 .react-select--is-disabled .react-select__single-value,
.c8 .react-select__control--is-disabled .react-select__single-value,
.c8 .react-select--is-disabled .react-select__placeholder,
.c8 .react-select__control--is-disabled .react-select__placeholder {
  color: rgba(255,255,255,0.36);
}

.c8 .react-select--is-disabled .react-select__indicator,
.c8 .react-select__control--is-disabled .react-select__indicator {
  color: rgba(255,255,255,0.36);
}

<div>
  <form
    class="c0"
    width="456px"
  >
    <div
      class="c1"
    >
      <label
        class="c2"
        font-size="0"
      >
        Current Password
        <input
          autocomplete="off"
          class="c3"
          inputmode="text"
          placeholder="Password"
          type="password"
          value=""
        />
      </label>
    </div>
    <div
      class="c4"
    >
      <div
        class="c5"
        data-testid="mfa-select"
        width="50%"
      >
        <div
          class="c6"
        >
          <label
            class="c7"
            font-size="0"
            for="select"
          >
            Two-factor type
          </label>
          <div
            class="c8"
          >
            <div
              class="react-select-container css-2b097c-container"
            >
              <div
                class="react-select__control css-yk16xz-control"
              >
                <div
                  class="react-select__value-container react-select__value-container--has-value css-g1d714-ValueContainer"
                >
                  <div
                    class="react-select__single-value css-1uccc91-singleValue"
                  >
                    Hardware Key
                  </div>
                  <input
                    aria-autocomplete="list"
                    class="css-62g3xt-dummyInput"
                    id="select"
                    readonly=""
                    tabindex="0"
                    value=""
                  />
                </div>
                <div
                  class="react-select__indicators css-1hb7zxy-IndicatorsContainer"
                >
                  <span
                    class="react-select__indicator-separator css-1okebmr-indicatorSeparator"
                  />
                  <div
                    aria-hidden="true"
                    class="react-select__indicator react-select__dropdown-indicator css-tlfecz-indicatorContainer"
                  >
                    <svg
                      aria-hidden="true"
                      class="css-6q0nyr-Svg"
                      focusable="false"
                      height="20"
                      viewBox="0 0 20 20"
                      width="20"
                    >
                      <path
                        d="M4.516 7.548c0.436-0.446 1.043-0.481 1.576 0l3.908 3.747 3.908-3.747c0.533-0.481 1.141-0.446 1.574 0 0.436 0.445 0.408 1.197 0 1.615-0.406 0.418-4.695 4.502-4.695 4.502-0.217 0.223-0.502 0.335-0.787 0.335s-0.57-0.112-0.789-0.335c0 0-4.287-4.084-4.695-4.502s-0.436-1.17 0-1.615z"
                      />
                    </svg>
                  </div>
                </div>
              </div>
            </div>
          </div>
        </div>
      </div>
      <div
        class="c5"
        width="50%"
      />
    </div>
    <div
      class="c1"
    >
      <label
        class="c2"
        font-size="0"
      >
        New Password
        <input
          autocomplete="off"
          class="c3"
          inputmode="text"
          placeholder="New Password"
          type="password"
          value=""
        />
      </label>
    </div>
    <div
      class="c1"
    >
      <label
        class="c2"
        font-size="0"
      >
        Confirm Password
        <input
          autocomplete="off"
          class="c3"
          inputmode="text"
          placeholder="Confirm Password"
          type="password"
          value=""
        />
      </label>
    </div>
    <button
      class="c9"
      kind="primary"
    >
      Update Password
    </button>
  </form>
</div>
`;
