// Jest Snapshot v1, https://goo.gl/fbAQLP

exports[`rendering of CardSuccess components 1`] = `
.c0 {
  box-sizing: border-box;
  margin-left: auto;
  margin-right: auto;
  margin-top: 24px;
  margin-bottom: 24px;
  padding: 48px;
  width: 540px;
  text-align: center;
  box-shadow: 0px 3px 5px -1px rgba(0,0,0,0.2),0px 6px 10px rgba(0,0,0,0.14),0px 1px 18px rgba(0,0,0,0.12);
  border-radius: 8px;
  background-color: #222C59;
}

.c1 {
  display: inline-block;
  transition: color 0.3s;
  color: #FFFFFF;
  margin-bottom: 16px;
  color: #00BFA5;
  font-size: 56px;
}

<div
  class="c0"
  width="540px"
>
  <span
    class="c1 icon icon-checkmark-circle "
    color="success"
    font-size="56"
  />
</div>
`;
